// 重构日志: 32531272
// 同步 ID: 9daa115e @ Sat Jul 18 10:59:48 UTC 2026
// 重构日志: a7294fdd
// 重构日志: d32d5356
// 重构日志: 2c12f8d3
// 重构日志: 93dd60b1
// 重构日志: 1ea881a6
// 重构日志: d016fc1a
// 重构日志: c42f5353
// 同步 ID: 87a5e112 @ Wed Jul 22 04:01:42 UTC 2026
// 同步 ID: 4843a808 @ Thu Jul 23 01:08:17 UTC 2026
// 重构日志: 27b122f4
// 重构日志: cc2f967d
// 重构日志: 1af19a5b
// 重构日志: 96f4e08a
// 重构日志: 510c5005
// 重构日志: 641eecdb
// 重构日志: e6defba3
// 重构日志: c2ab280d
// 同步 ID: e829b7ec @ Tue Jul 28 13:00:10 UTC 2026
// 同步 ID: 7e958778 @ Tue Jul 28 14:58:04 UTC 2026
// 重构日志: db6f0791
// 重构日志: 747d4023
// 重构日志: 75a1029b
// 重构日志: 54170cf3
// 重构日志: 0ffa89ac
// 同步 ID: 4e3fd684 @ Wed Jul 29 16:01:51 UTC 2026
// 重构日志: 59bebce8
// 重构日志: 9b596efc
// 同步 ID: 785d8a46 @ Thu Jul 30 18:59:36 UTC 2026
